TRACE stage=00 rms=3.344843e-2 absmax=1.501465e-1 mean=3.702333e-4 last=[-2.107024e-2,-3.160536e-2,-3.156316e-2,-6.312633e-2,-7.093906e-3,2.293289e-2,3.279448e-2,-5.300993e-2,-3.638685e-2,3.942847e-2,-2.155185e-3,-4.643250e-2,4.741681e-2,-1.959032e-2,1.024389e-2,3.325939e-2]
TRACE stage=01 rms=1.454675e-2 absmax=2.944847e-1 mean=3.418645e-5 last=[4.115554e-3,-1.876902e-2,-1.386817e-2,3.538858e-4,-7.458944e-2,-5.932540e-3,1.346554e-2,-2.300841e-2,1.811479e-2,-1.221807e-2,-1.835706e-2,-7.438877e-3,9.666856e-3,-1.307419e-2,-1.589982e-3,-4.842483e-3]
TRACE stage=02 rms=9.144006e-3 absmax=2.924280e-1 mean=1.129787e-5 last=[4.223243e-3,-9.944129e-3,-3.805260e-3,1.494336e-3,-5.829883e-2,-1.073088e-3,6.681323e-3,-8.797542e-3,8.481168e-3,-8.067323e-3,-6.964716e-3,-5.740002e-3,2.523449e-3,-1.092169e-2,-1.810507e-3,-2.245739e-3]
TRACE stage=03 rms=1.002056e-2 absmax=1.834481e-1 mean=-4.590829e-5 last=[4.091533e-3,-8.333581e-3,-7.132981e-3,-2.017890e-3,-8.181776e-2,-4.643069e-3,-4.432975e-3,-7.329389e-3,1.378082e-2,-6.831720e-3,2.672363e-3,-2.741787e-3,2.734179e-3,-4.437994e-3,3.077416e-5,-4.517417e-3]
TRACE stage=04 rms=1.048566e-2 absmax=1.752167e-1 mean=-5.698464e-5 last=[8.756015e-3,-9.804212e-3,-1.434887e-2,-7.214171e-3,-7.582776e-2,-1.884502e-3,-3.484855e-4,-5.977264e-3,1.349512e-2,-4.965591e-3,9.962029e-4,-4.478802e-3,-2.653843e-3,-3.211989e-3,-2.089835e-3,-9.687249e-3]
TRACE stage=05 rms=1.191895e-2 absmax=2.974770e-1 mean=-9.579159e-5 last=[1.009632e-2,-8.232459e-3,-1.527863e-2,-1.125373e-2,-7.372058e-2,7.182788e-4,7.307326e-4,4.685554e-5,1.699435e-2,-3.106400e-3,1.356596e-3,-4.138337e-3,1.247026e-3,-2.860211e-3,-2.812914e-3,-1.321026e-2]
TRACE stage=06 rms=1.332060e-2 absmax=4.155530e-1 mean=-6.885477e-5 last=[1.645900e-2,-6.762334e-3,-9.578970e-3,-6.545105e-3,-7.069283e-2,3.082633e-3,-2.921795e-3,-8.192046e-4,1.538520e-2,-2.409188e-3,9.441777e-3,-2.761371e-7,1.353346e-3,-5.057375e-3,-4.959866e-3,-1.190155e-2]
TRACE stage=07 rms=1.737421e-2 absmax=4.219588e-1 mean=-2.148222e-4 last=[9.522548e-3,4.385083e-3,-1.932910e-2,-2.062643e-3,-3.356322e-2,2.779765e-2,9.445682e-3,6.002122e-3,2.106015e-2,4.844741e-3,3.382163e-2,9.097707e-3,7.515752e-3,-1.265221e-2,4.378784e-3,-2.510683e-2]
TRACE stage=08 rms=1.835760e-2 absmax=4.116977e-1 mean=-2.026473e-4 last=[1.073031e-2,2.008210e-3,-2.000852e-2,3.408216e-3,-4.476390e-2,2.509277e-2,1.793821e-2,5.765349e-3,3.336186e-2,5.661396e-3,2.780975e-2,2.773282e-3,1.291634e-2,7.009016e-3,6.980699e-3,-2.224546e-2]
TRACE stage=09 rms=1.977174e-2 absmax=4.908986e-1 mean=-1.111424e-4 last=[1.827715e-2,1.619017e-3,-2.746533e-2,-9.145101e-3,-5.434867e-2,2.527652e-2,1.581558e-2,-7.262619e-4,3.996260e-2,-1.737211e-3,2.370238e-2,1.239402e-2,1.635920e-2,1.175313e-2,6.862339e-4,-1.740297e-2]
TRACE stage=10 rms=2.270170e-2 absmax=5.148634e-1 mean=-1.362812e-4 last=[2.137360e-2,8.211464e-4,-3.195867e-2,-1.803217e-2,-6.100915e-2,1.580929e-2,1.936354e-3,-6.792904e-5,4.424741e-2,-1.053635e-2,1.854862e-2,1.631328e-2,1.234769e-2,1.979011e-2,6.962847e-3,-3.034465e-2]
TRACE stage=11 rms=3.198161e-2 absmax=6.536099e-1 mean=5.380389e-5 last=[4.610788e-3,2.336059e-2,-3.222963e-2,3.597762e-4,-6.569334e-2,3.020369e-2,1.116280e-2,1.453813e-2,3.278758e-2,-1.296059e-2,3.561174e-3,1.635192e-2,8.099054e-3,3.373346e-2,-2.213011e-3,-2.826929e-2]
TRACE stage=12 rms=3.500327e-2 absmax=5.990386e-1 mean=2.312272e-4 last=[2.087064e-3,1.818375e-2,-2.459902e-2,1.321186e-2,-6.009300e-2,2.952399e-2,2.081585e-2,1.742140e-2,6.135853e-2,-7.678150e-3,-2.283087e-3,3.011030e-2,5.868855e-3,2.586376e-2,-9.705601e-4,-3.116854e-2]
TRACE stage=13 rms=3.557898e-2 absmax=6.037557e-1 mean=3.554320e-4 last=[5.545788e-3,7.316512e-3,-2.126263e-2,1.808226e-2,-7.078374e-2,2.829610e-2,3.487944e-2,1.969560e-2,5.911466e-2,-1.329883e-2,1.136637e-3,2.320918e-2,1.189542e-2,4.485400e-2,-2.783961e-3,-2.606646e-2]
TRACE stage=14 rms=3.720584e-2 absmax=6.253839e-1 mean=4.363150e-4 last=[1.243285e-2,4.895501e-3,-1.988247e-2,4.755631e-3,-8.392439e-2,2.542800e-2,6.337468e-3,1.059329e-2,6.201934e-2,-1.303920e-2,-1.069557e-2,2.253345e-3,2.848669e-2,3.499642e-2,4.381009e-4,-4.237531e-2]
TRACE stage=15 rms=5.850840e-2 absmax=1.308432e0 mean=6.856142e-4 last=[7.666359e-4,-3.676483e-3,-1.768145e-2,5.568760e-2,-1.163938e-1,2.026150e-2,-3.497801e-2,-4.399099e-2,6.886052e-2,-8.212568e-2,-2.189423e-3,1.282180e-4,3.842027e-2,1.118759e-2,-1.221760e-2,-2.042827e-2]
TRACE stage=16 rms=6.360044e-2 absmax=1.366671e0 mean=1.222737e-4 last=[1.473860e-2,-2.101671e-2,-2.555561e-2,6.993996e-2,-1.544758e-1,2.042387e-2,-2.512775e-2,-4.855571e-2,6.881642e-2,-8.871289e-2,4.909723e-3,7.698766e-3,6.033370e-2,-1.062164e-2,-1.379569e-2,-3.709658e-3]
TRACE stage=17 rms=7.204621e-2 absmax=1.680130e0 mean=-9.685605e-4 last=[3.025369e-2,-4.440303e-2,-3.974653e-2,4.206569e-2,-2.126465e-1,2.673654e-2,-3.547938e-2,-3.031619e-2,2.898029e-2,-6.417350e-2,-1.855022e-2,4.499353e-2,6.837577e-2,-1.816626e-2,2.559720e-2,1.137461e-2]
TRACE stage=18 rms=8.449196e-2 absmax=2.217230e0 mean=-1.168719e-3 last=[8.660287e-3,-7.161684e-2,-2.987713e-2,8.113992e-2,-2.140308e-1,5.358085e-2,-5.344941e-2,-5.064144e-2,3.398447e-2,-5.359463e-2,-3.353161e-2,4.180551e-2,7.323913e-2,-3.399878e-2,2.995811e-2,1.368606e-3]
TRACE stage=19 rms=1.409396e-1 absmax=3.487170e0 mean=-8.768139e-4 last=[9.906614e-2,-8.380156e-2,1.712447e-1,1.870724e-1,-3.791243e-1,-2.174267e-1,-1.689386e-3,-1.738024e-1,6.809085e-2,-6.636764e-2,-3.040570e-2,7.379382e-2,6.894092e-2,3.648083e-2,1.683615e-1,1.134269e-1]
TRACE stage=20 rms=1.497605e-1 absmax=3.758525e0 mean=-1.539701e-3 last=[1.036383e-1,-1.196240e-2,1.360595e-1,1.429806e-1,-3.842378e-1,-1.897090e-1,-1.740173e-2,-1.798749e-1,6.401448e-2,-6.830926e-2,2.246641e-3,1.042978e-1,4.180358e-2,2.620831e-2,1.741360e-1,7.435957e-2]
TRACE stage=21 rms=1.461881e-1 absmax=3.652562e0 mean=-6.363773e-4 last=[3.005848e-2,-8.122690e-2,1.532593e-1,1.422605e-1,-4.642045e-1,-1.654060e-1,-5.468255e-3,-2.009370e-1,1.018137e-1,-6.665695e-2,3.321997e-2,1.635272e-1,1.044701e-1,-5.389191e-3,1.600838e-1,9.210850e-2]
TRACE stage=22 rms=3.041922e-1 absmax=4.606612e0 mean=2.352933e-3 last=[2.235907e-1,-1.652557e-1,-4.520330e-2,3.513924e-1,1.843935e-1,-1.858125e-1,-4.507841e-1,-1.511698e-1,3.246010e-1,5.011072e-1,1.735955e-1,-4.274284e-2,1.318869e-1,-7.466166e-2,-2.158221e-1,-2.957460e-2]
TRACE stage=23 rms=3.084941e-1 absmax=4.753793e0 mean=5.631175e-3 last=[1.872723e-1,-1.911251e-1,1.458959e-1,1.972967e-1,4.205003e-1,-3.596860e-1,-4.207263e-1,-1.005682e-2,2.475942e-1,6.162471e-1,3.047403e-1,-2.316037e-2,1.966252e-1,-1.596051e-1,-1.295836e-1,6.854475e-3]
TRACE stage=24 rms=5.375785e-1 absmax=1.967956e1 mean=-4.168380e-4 last=[1.966895e-1,-2.232671e-1,1.710591e-1,2.821245e-1,4.755702e-1,-3.664263e-1,-5.933644e-1,7.099427e-2,1.597500e-1,5.495896e-1,3.401561e-1,7.554315e-2,1.806917e-1,-6.764115e-2,-3.967211e-3,2.054838e-2]
