TRACE stage=00 rms=2.227354e-2 absmax=7.521057e-2 mean=1.939925e-4 last=[2.438021e-2,-3.518021e-2,-3.165984e-2,-2.647418e-2,2.186298e-2,1.483560e-3,5.310774e-3,4.668236e-3,2.650023e-3,1.221955e-3,2.431870e-3,-1.687109e-3,1.569629e-2,-0.000000e0,-2.835560e-2,2.642226e-2]
TRACE stage=01 rms=1.081021e-2 absmax=2.199987e-1 mean=1.503581e-4 last=[2.334222e-3,-1.255892e-3,-1.278936e-2,2.733618e-3,3.913894e-3,-7.005777e-3,-5.551566e-3,-9.225734e-3,-6.251914e-3,-4.799644e-3,-6.543548e-3,3.784386e-3,3.014029e-3,3.395518e-3,5.064802e-4,6.979774e-3]
TRACE stage=02 rms=1.018175e-2 absmax=2.924366e-1 mean=1.625118e-4 last=[-1.612474e-3,1.538486e-3,-8.613186e-3,-1.063197e-3,-2.547382e-3,3.067443e-3,2.888259e-4,-5.361011e-3,-3.071936e-3,-1.579280e-3,5.784789e-4,-2.127746e-3,3.474609e-3,-5.328473e-3,1.236830e-3,2.130920e-3]
TRACE stage=03 rms=9.895153e-3 absmax=1.827326e-1 mean=-4.999516e-5 last=[7.594160e-3,8.938650e-3,-1.865878e-3,1.213300e-3,2.657842e-2,3.469055e-3,-9.425995e-3,-1.299324e-2,-3.792885e-3,4.056222e-3,6.615778e-3,-8.321061e-3,1.230991e-3,3.653927e-3,1.582188e-3,-1.393100e-4]
TRACE stage=04 rms=9.339888e-3 absmax=1.374415e-1 mean=-6.967041e-5 last=[5.326996e-3,7.043978e-3,-3.537966e-3,-2.336462e-3,3.199627e-2,3.375085e-3,-6.574138e-3,-1.585314e-2,-7.426541e-3,2.430270e-3,7.229174e-3,-7.140840e-3,9.956255e-4,-2.044280e-3,-3.673809e-4,-3.110868e-3]
TRACE stage=05 rms=9.326058e-3 absmax=1.239401e-1 mean=-2.980850e-5 last=[4.424258e-3,1.084289e-2,1.002508e-3,5.418664e-3,3.322788e-2,2.095257e-4,-5.890378e-3,-1.599960e-2,-1.172682e-2,3.230500e-3,5.508791e-3,-3.057256e-3,2.735852e-3,-4.750239e-3,-3.949826e-3,-1.009939e-2]
TRACE stage=06 rms=1.119222e-2 absmax=2.895629e-1 mean=-1.280524e-4 last=[1.220800e-3,1.294945e-2,5.895459e-3,4.017333e-3,3.407709e-2,1.784207e-3,-4.572721e-3,-1.614149e-2,-1.361038e-2,4.791632e-3,1.985007e-3,-2.644730e-3,-4.546166e-3,-3.739180e-3,-1.819320e-3,-1.721264e-3]
TRACE stage=07 rms=1.895285e-2 absmax=3.577168e-1 mean=-3.593674e-4 last=[-2.893695e-2,2.102384e-2,-8.441137e-3,-2.493850e-2,3.434592e-2,7.072002e-3,1.016457e-2,-2.669873e-2,-2.603402e-3,-9.573936e-3,5.833631e-3,1.248168e-2,-2.182841e-2,1.256213e-2,4.120737e-3,-2.605480e-3]
TRACE stage=08 rms=1.807033e-2 absmax=3.274727e-1 mean=-2.408860e-4 last=[-3.048051e-2,2.649729e-2,-1.782192e-2,-1.582474e-2,4.282654e-2,1.765863e-2,5.241626e-3,-2.046770e-2,4.503336e-4,-1.267004e-3,-6.591305e-4,1.068040e-2,-1.595496e-2,7.408424e-3,1.798296e-3,-4.067845e-3]
TRACE stage=09 rms=1.739692e-2 absmax=2.861710e-1 mean=-9.313539e-5 last=[-3.305532e-2,3.222903e-2,-1.487375e-2,-1.231257e-2,4.142940e-2,1.422182e-2,1.866682e-3,-1.936337e-2,2.566290e-3,1.088881e-2,-9.196332e-3,8.786470e-3,-4.112952e-3,2.191241e-3,-1.679265e-2,-3.444118e-3]
TRACE stage=10 rms=1.885785e-2 absmax=3.831239e-1 mean=-7.559972e-5 last=[-3.666475e-2,2.390053e-2,-9.891054e-3,-7.149726e-4,4.810658e-2,9.480120e-3,2.672790e-3,-2.281955e-2,1.747610e-3,8.701132e-3,-1.365064e-2,5.674899e-3,4.597511e-3,-8.863963e-3,-1.338181e-2,-2.102607e-3]
TRACE stage=11 rms=2.863854e-2 absmax=1.981318e-1 mean=-1.063376e-3 last=[-3.882977e-2,1.985478e-2,6.996008e-3,3.242657e-2,7.757990e-2,-2.172682e-2,2.403570e-2,-4.907769e-3,-1.409452e-2,-8.480645e-3,-2.398904e-2,3.134111e-2,2.293345e-2,1.090503e-2,2.287529e-2,1.582527e-3]
TRACE stage=12 rms=2.897669e-2 absmax=2.354720e-1 mean=-1.237825e-3 last=[-2.450269e-2,-1.066000e-2,-1.100072e-2,2.966200e-2,9.398831e-2,-2.581879e-2,1.437049e-3,-6.631536e-3,-1.902955e-2,9.831026e-3,-2.410762e-2,2.040868e-2,1.702115e-2,2.413628e-2,3.860456e-2,2.418977e-2]
TRACE stage=13 rms=2.871558e-2 absmax=2.013641e-1 mean=-1.079471e-3 last=[-2.331018e-2,-1.950136e-2,-1.510756e-2,2.333532e-2,9.257838e-2,-3.336058e-2,-1.067546e-2,-9.581070e-3,-2.278123e-2,1.270114e-3,-1.613087e-2,1.895661e-2,9.972223e-3,2.284776e-2,2.484046e-2,3.078463e-2]
TRACE stage=14 rms=3.109530e-2 absmax=4.329914e-1 mean=-1.076872e-3 last=[-1.234958e-3,-1.336508e-2,-1.628586e-2,3.091002e-2,1.194908e-1,-2.786435e-2,-8.097121e-3,-1.239891e-2,-1.840788e-2,-1.353973e-2,-1.135564e-2,1.300654e-2,5.106807e-3,2.190165e-2,5.762577e-3,5.801677e-2]
TRACE stage=15 rms=6.422171e-2 absmax=9.744855e-1 mean=4.577966e-5 last=[-1.029716e-1,-1.739189e-2,-2.204248e-2,2.278041e-2,1.211800e-1,-3.229126e-2,4.683104e-3,-1.571655e-2,-3.530187e-2,-1.389459e-4,1.855847e-2,7.179578e-2,-6.649770e-2,3.564350e-3,6.623381e-2,-4.326321e-3]
TRACE stage=16 rms=6.220635e-2 absmax=7.364437e-1 mean=-4.943968e-4 last=[-9.423258e-2,7.281363e-3,-1.112835e-2,-4.170400e-3,1.029748e-1,-3.711190e-2,-2.383072e-2,-5.471753e-3,-1.017696e-1,-2.302805e-3,2.144294e-2,3.068809e-2,-3.819879e-2,1.269446e-2,4.850104e-2,-1.881439e-2]
TRACE stage=17 rms=5.991120e-2 absmax=5.700455e-1 mean=-1.097733e-3 last=[-8.604338e-2,-1.630079e-3,5.668621e-2,-2.654283e-2,9.113751e-2,-1.587073e-2,-4.171085e-3,-3.865796e-2,-8.862706e-2,-4.158120e-4,3.536943e-2,1.540513e-2,-1.301737e-2,9.536877e-3,4.440849e-2,-2.415256e-2]
TRACE stage=18 rms=6.796995e-2 absmax=1.095202e0 mean=-9.570349e-4 last=[-7.800189e-2,-1.539656e-2,3.377168e-2,6.168795e-3,1.055614e-1,-4.512557e-2,2.671811e-2,3.010120e-2,-8.426197e-2,-1.024103e-1,3.390625e-2,-3.244819e-2,-4.068927e-2,1.344491e-2,5.654775e-2,-8.284986e-3]
TRACE stage=19 rms=1.532922e-1 absmax=1.651377e0 mean=6.112337e-3 last=[-2.777505e-1,6.501429e-3,-8.797898e-2,1.799194e-1,-5.077884e-3,-5.710648e-2,4.373320e-2,-3.103888e-2,-4.594752e-2,-1.401514e-1,2.970031e-1,-1.409751e-1,-4.971746e-2,-1.260874e-1,1.806379e-1,-1.035309e-1]
TRACE stage=20 rms=1.526773e-1 absmax=1.403855e0 mean=6.634082e-3 last=[-2.725345e-1,5.233097e-4,-2.107753e-2,1.051741e-1,7.057723e-2,-4.224672e-2,1.177929e-1,-2.560192e-3,-9.587831e-2,-1.194881e-1,2.373247e-1,-1.419121e-1,-2.939137e-2,-7.273015e-2,1.051605e-1,-9.711852e-2]
TRACE stage=21 rms=1.649941e-1 absmax=1.436670e0 mean=7.165912e-3 last=[-4.456830e-1,5.574111e-3,4.195621e-2,1.186532e-1,5.451497e-2,-3.422068e-2,2.514462e-1,-3.703131e-2,-1.508142e-1,-6.683634e-2,1.119438e-1,-1.499374e-1,-1.152342e-2,-1.396620e-1,1.123076e-1,-1.001380e-1]
TRACE stage=22 rms=2.928979e-1 absmax=2.531418e0 mean=5.937331e-5 last=[-3.591445e-1,-3.154688e-1,4.306490e-1,3.793566e-1,-2.509569e-1,-3.513876e-1,5.464987e-1,-1.291332e-2,-2.383441e-1,1.331703e-1,3.416039e-1,-1.564616e-1,-4.569044e-2,-1.541865e-1,-2.732969e-1,4.481554e-3]
TRACE stage=23 rms=3.039261e-1 absmax=2.384023e0 mean=5.518211e-3 last=[-3.564270e-1,-2.607781e-1,4.901951e-1,4.353473e-1,4.902244e-2,-4.054993e-1,5.517212e-1,4.960727e-2,-2.112273e-1,1.936377e-1,3.133114e-1,-1.282378e-1,1.027312e-3,-2.847299e-1,-4.067711e-1,2.743891e-2]
TRACE stage=24 rms=4.207399e-1 absmax=8.217966e0 mean=1.309919e-3 last=[-5.099213e-1,-4.216148e-1,4.798455e-1,3.260391e-1,1.742263e-1,-2.222281e-1,6.027645e-1,4.410449e-2,-1.986171e-1,-1.630187e-1,2.166397e-1,-7.979336e-2,-5.467050e-3,-1.885191e-1,-4.190352e-1,-8.536593e-2]
